spin_manifest_version = 2

[application]
name = "ftl-mcp-demo"
version = "0.1.0"
authors = ["bowlofarugula <bowlofarugula@gmail.com>"]
description = "FTL MCP server for hosting MCP tools"

[variables]
tool_components = { default = "echo-rs,echo-ts,weather-rs,weather-ts" }

# Authentication configuration
auth_enabled = { default = "false" }
auth_gateway_url = { default = "http://ftl-mcp-gateway.spin.internal/mcp-internal" }

# Component sources use GHCR registry format
[component.mcp]
source = { registry = "ghcr.io", package = "fastertools:ftl-auth-gateway", version = "0.0.6" }
allowed_outbound_hosts = ["http://*.spin.internal", "https://*.authkit.app"]